

================================================================
== Vitis HLS Report for 'nms'
================================================================
* Date:           Tue Dec 12 09:51:45 2023

* Version:        2020.1 (Build 2902540 on Wed May 27 20:16:15 MDT 2020)
* Project:        test.prj
* Solution:       solution1 (Vivado IP Flow Target)
* Product family: virtexuplus
* Target device:  xcu250-figd2104-2L-e


================================================================
== Performance Estimates
================================================================
+ Timing: 
    * Summary: 
    +--------+---------+----------+------------+
    |  Clock |  Target | Estimated| Uncertainty|
    +--------+---------+----------+------------+
    |ap_clk  | 2.50 ns | 2.414 ns |   0.68 ns  |
    +--------+---------+----------+------------+

+ Latency: 
    * Summary: 
    +---------+---------+----------+----------+--------+--------+---------+
    |  Latency (cycles) |  Latency (absolute) |     Interval    | Pipeline|
    |   min   |   max   |    min   |    max   |   min  |   max  |   Type  |
    +---------+---------+----------+----------+--------+--------+---------+
    |   134158|   134158| 0.335 ms | 0.335 ms |  134159|  134159|   none  |
    +---------+---------+----------+----------+--------+--------+---------+

    + Detail: 
        * Instance: 
        N/A

        * Loop: 
        +--------------------+---------+---------+----------+-----------+-----------+------+----------+
        |                    |  Latency (cycles) | Iteration|  Initiation Interval  | Trip |          |
        |      Loop Name     |   min   |   max   |  Latency |  achieved |   target  | Count| Pipelined|
        +--------------------+---------+---------+----------+-----------+-----------+------+----------+
        |- Loop 1            |      768|      768|         2|          1|          1|   768|    yes   |
        |- Loop 2            |        9|        9|         1|          1|          1|     9|    yes   |
        |- VITIS_LOOP_31_1   |   133376|   133376|       521|          -|          -|   256|    no    |
        | + VITIS_LOOP_32_2  |      518|      518|         9|          2|          1|   256|    yes   |
        +--------------------+---------+---------+----------+-----------+-----------+------+----------+



================================================================
== Utilization Estimates
================================================================
* Summary: 
+---------------------+---------+-------+---------+---------+------+
|         Name        | BRAM_18K|  DSP  |    FF   |   LUT   | URAM |
+---------------------+---------+-------+---------+---------+------+
|DSP                  |        -|      -|        -|        -|     -|
|Expression           |        -|      -|        0|      799|     -|
|FIFO                 |        -|      -|        -|        -|     -|
|Instance             |        -|      -|        -|        -|     -|
|Memory               |        3|      -|        0|        0|     -|
|Multiplexer          |        -|      -|        -|      305|     -|
|Register             |        -|      -|      672|      160|     -|
+---------------------+---------+-------+---------+---------+------+
|Total                |        3|      0|      672|     1264|     0|
+---------------------+---------+-------+---------+---------+------+
|Available SLR        |     1344|   3072|   864000|   432000|   320|
+---------------------+---------+-------+---------+---------+------+
|Utilization SLR (%)  |    ~0   |      0|    ~0   |    ~0   |     0|
+---------------------+---------+-------+---------+---------+------+
|Available            |     5376|  12288|  3456000|  1728000|  1280|
+---------------------+---------+-------+---------+---------+------+
|Utilization (%)      |    ~0   |      0|    ~0   |    ~0   |     0|
+---------------------+---------+-------+---------+---------+------+

+ Detail: 
    * Instance: 
    N/A

    * DSP: 
    N/A

    * Memory: 
    +------------+----------+---------+---+----+-----+------+-----+------+-------------+
    |   Memory   |  Module  | BRAM_18K| FF| LUT| URAM| Words| Bits| Banks| W*Bits*Banks|
    +------------+----------+---------+---+----+-----+------+-----+------+-------------+
    |line_buf_U  |line_buf  |        3|  0|   0|    0|   256|   48|     1|        12288|
    +------------+----------+---------+---+----+-----+------+-----+------+-------------+
    |Total       |          |        3|  0|   0|    0|   256|   48|     1|        12288|
    +------------+----------+---------+---+----+-----+------+-----+------+-------------+

    * FIFO: 
    N/A

    * Expression: 
    +-------------------------+----------+----+---+-----+------------+------------+
    |      Variable Name      | Operation| DSP| FF| LUT | Bitwidth P0| Bitwidth P1|
    +-------------------------+----------+----+---+-----+------------+------------+
    |add_ln31_fu_599_p2       |     +    |   0|  0|   16|           9|           1|
    |add_ln32_fu_676_p2       |     +    |   0|  0|   16|           1|           9|
    |add_ln45_fu_692_p2       |     +    |   0|  0|   23|          16|          16|
    |empty_21_fu_337_p2       |     +    |   0|  0|   17|          10|           1|
    |empty_37_fu_481_p2       |     +    |   0|  0|   12|           4|           1|
    |next_urem_fu_549_p2      |     +    |   0|  0|   12|           4|           1|
    |empty_27_fu_385_p2       |     -    |   0|  0|   15|           6|           6|
    |ap_condition_372         |    and   |   0|  0|    2|           1|           1|
    |empty_33_fu_432_p2       |    and   |   0|  0|   48|          48|           1|
    |p_demorgan_fu_426_p2     |    and   |   0|  0|   48|          48|          48|
    |cmp100_not_fu_633_p2     |   icmp   |   0|  0|   13|           9|           8|
    |empty_24_fu_371_p2       |   icmp   |   0|  0|   11|           6|           6|
    |empty_39_fu_555_p2       |   icmp   |   0|  0|    9|           4|           2|
    |exitcond879_fu_475_p2    |   icmp   |   0|  0|    9|           4|           4|
    |exitcond8810_fu_331_p2   |   icmp   |   0|  0|   13|          10|          10|
    |grp_fu_327_p2            |   icmp   |   0|  0|   11|           8|           8|
    |icmp_fu_627_p2           |   icmp   |   0|  0|   11|           7|           1|
    |icmp_ln31_fu_593_p2      |   icmp   |   0|  0|   13|           9|          10|
    |icmp_ln32_fu_654_p2      |   icmp   |   0|  0|   13|           9|          10|
    |icmp_ln62_fu_857_p2      |   icmp   |   0|  0|   11|           8|           8|
    |icmp_ln63_fu_863_p2      |   icmp   |   0|  0|   11|           8|           8|
    |icmp_ln69_fu_845_p2      |   icmp   |   0|  0|   11|           8|           8|
    |icmp_ln70_fu_851_p2      |   icmp   |   0|  0|   11|           8|           8|
    |icmp_ln77_fu_839_p2      |   icmp   |   0|  0|   11|           8|           8|
    |icmp_ln83_fu_833_p2      |   icmp   |   0|  0|   11|           8|           8|
    |icmp_ln90_1_fu_713_p2    |   icmp   |   0|  0|   13|           9|           8|
    |icmp_ln90_fu_707_p2      |   icmp   |   0|  0|   11|           7|           1|
    |empty_32_fu_420_p2       |   lshr   |   0|  0|  150|           2|          48|
    |empty_23_fu_365_p2       |    or    |   0|  0|    6|           6|           4|
    |or_ln62_fu_932_p2        |    or    |   0|  0|    2|           1|           1|
    |or_ln69_fu_921_p2        |    or    |   0|  0|    2|           1|           1|
    |or_ln76_fu_910_p2        |    or    |   0|  0|    2|           1|           1|
    |or_ln83_fu_899_p2        |    or    |   0|  0|    2|           1|           1|
    |or_ln90_1_fu_639_p2      |    or    |   0|  0|    2|           1|           1|
    |or_ln90_2_fu_951_p2      |    or    |   0|  0|    2|           1|           1|
    |or_ln90_fu_947_p2        |    or    |   0|  0|    2|           1|           1|
    |empty_25_fu_377_p3       |  select  |   0|  0|    6|           1|           6|
    |empty_26_fu_395_p3       |  select  |   0|  0|    6|           1|           6|
    |empty_30_fu_407_p3       |  select  |   0|  0|    2|           1|           1|
    |idx_urem_fu_561_p3       |  select  |   0|  0|    4|           1|           4|
    |out_r_d0                 |  select  |   0|  0|    8|           1|           1|
    |select_ln62_fu_936_p3    |  select  |   0|  0|    8|           1|           1|
    |select_ln69_fu_925_p3    |  select  |   0|  0|    8|           1|           1|
    |select_ln76_fu_914_p3    |  select  |   0|  0|    8|           1|           1|
    |select_ln83_fu_903_p3    |  select  |   0|  0|    8|           1|           1|
    |empty_31_fu_414_p2       |    shl   |   0|  0|  150|           2|          48|
    |mask_fu_450_p2           |    shl   |   0|  0|   13|           2|           6|
    |ap_enable_pp0            |    xor   |   0|  0|    2|           1|           2|
    |ap_enable_pp2            |    xor   |   0|  0|    2|           1|           2|
    |ap_enable_reg_pp0_iter1  |    xor   |   0|  0|    2|           2|           1|
    +-------------------------+----------+----+---+-----+------------+------------+
    |Total                    |          |   0|  0|  799|         309|         341|
    +-------------------------+----------+----+---+-----+------------+------------+

    * Multiplexer: 
    +------------------------------------------+----+-----------+-----+-----------+
    |                   Name                   | LUT| Input Size| Bits| Total Bits|
    +------------------------------------------+----+-----------+-----+-----------+
    |ap_NS_fsm                                 |  47|         10|    1|         10|
    |ap_enable_reg_pp0_iter1                   |  15|          3|    1|          3|
    |ap_enable_reg_pp2_iter3                   |   9|          2|    1|          2|
    |ap_enable_reg_pp2_iter4                   |  15|          3|    1|          3|
    |ap_phi_mux_xi_phi_fu_304_p4               |   9|          2|    9|         18|
    |ap_phi_reg_pp2_iter3_value_nms_1_reg_312  |   9|          2|    8|         16|
    |ap_phi_reg_pp2_iter4_value_nms_1_reg_312  |  27|          5|    8|         40|
    |empty_35_reg_267                          |   9|          2|    4|          8|
    |empty_reg_256                             |   9|          2|   10|         20|
    |line_buf_address0                         |  21|          4|    8|         32|
    |line_buf_address1                         |  15|          3|    8|         24|
    |line_buf_d0                               |  15|          3|   48|        144|
    |line_buf_we0                              |  15|          3|    6|         18|
    |line_buf_we1                              |   9|          2|    2|          4|
    |phi_urem_reg_278                          |   9|          2|    4|          8|
    |window_buf_0_1_1_fu_182                   |   9|          2|   16|         32|
    |window_buf_0_1_fu_178                     |   9|          2|   16|         32|
    |window_buf_1_1_1_fu_190                   |   9|          2|   16|         32|
    |window_buf_1_1_fu_186                     |   9|          2|   16|         32|
    |window_buf_2_1_1_fu_198                   |   9|          2|   16|         32|
    |window_buf_2_1_fu_194                     |   9|          2|   16|         32|
    |xi_reg_300                                |   9|          2|    9|         18|
    |yi_reg_289                                |   9|          2|    9|         18|
    +------------------------------------------+----+-----------+-----+-----------+
    |Total                                     | 305|         64|  233|        578|
    +------------------------------------------+----+-----------+-----+-----------+

    * Register: 
    +------------------------------------------+----+----+-----+-----------+
    |                   Name                   | FF | LUT| Bits| Const Bits|
    +------------------------------------------+----+----+-----+-----------+
    |add_ln31_reg_1136                         |   9|   0|    9|          0|
    |add_ln32_reg_1176                         |   9|   0|    9|          0|
    |add_ln45_reg_1186                         |  16|   0|   16|          0|
    |ap_CS_fsm                                 |   9|   0|    9|          0|
    |ap_enable_reg_pp0_iter0                   |   1|   0|    1|          0|
    |ap_enable_reg_pp0_iter1                   |   1|   0|    1|          0|
    |ap_enable_reg_pp2_iter0                   |   1|   0|    1|          0|
    |ap_enable_reg_pp2_iter1                   |   1|   0|    1|          0|
    |ap_enable_reg_pp2_iter2                   |   1|   0|    1|          0|
    |ap_enable_reg_pp2_iter3                   |   1|   0|    1|          0|
    |ap_enable_reg_pp2_iter4                   |   1|   0|    1|          0|
    |ap_phi_reg_pp2_iter1_value_nms_1_reg_312  |   8|   0|    8|          0|
    |ap_phi_reg_pp2_iter2_value_nms_1_reg_312  |   8|   0|    8|          0|
    |ap_phi_reg_pp2_iter3_value_nms_1_reg_312  |   8|   0|    8|          0|
    |ap_phi_reg_pp2_iter4_value_nms_1_reg_312  |   8|   0|    8|          0|
    |data_load_reg_1191                        |  16|   0|   16|          0|
    |empty_22_reg_974                          |   8|   0|    8|          0|
    |empty_23_reg_989                          |   2|   0|    6|          4|
    |empty_24_reg_994                          |   1|   0|    1|          0|
    |empty_27_reg_1000                         |   6|   0|    6|          0|
    |empty_35_reg_267                          |   4|   0|    4|          0|
    |empty_reg_256                             |  10|   0|   10|          0|
    |exitcond8810_reg_965                      |   1|   0|    1|          0|
    |grad_nms_reg_1215                         |   8|   0|    8|          0|
    |icmp_ln32_reg_1161                        |   1|   0|    1|          0|
    |icmp_ln62_reg_1249                        |   1|   0|    1|          0|
    |icmp_ln63_reg_1254                        |   1|   0|    1|          0|
    |icmp_ln69_reg_1239                        |   1|   0|    1|          0|
    |icmp_ln70_reg_1244                        |   1|   0|    1|          0|
    |icmp_ln76_reg_1229                        |   1|   0|    1|          0|
    |icmp_ln77_reg_1234                        |   1|   0|    1|          0|
    |icmp_ln83_reg_1219                        |   1|   0|    1|          0|
    |icmp_ln84_reg_1224                        |   1|   0|    1|          0|
    |icmp_ln90_1_reg_1201                      |   1|   0|    1|          0|
    |icmp_ln90_reg_1196                        |   1|   0|    1|          0|
    |line_buf_addr_1_reg_1165                  |   8|   0|    8|          0|
    |or_ln90_1_reg_1151                        |   1|   0|    1|          0|
    |phi_urem_reg_278                          |   4|   0|    4|          0|
    |shl_ln_reg_1146                           |   8|   0|   16|          8|
    |tmp_1_reg_979                             |   2|   0|    2|          0|
    |tmp_3_reg_1181                            |  32|   0|   32|          0|
    |tmp_4_reg_984                             |   2|   0|    6|          4|
    |trunc_ln32_reg_1156                       |   8|   0|    8|          0|
    |trunc_ln32_reg_1156_pp2_iter1_reg         |   8|   0|    8|          0|
    |trunc_ln45_reg_1141                       |   8|   0|    8|          0|
    |value_nms_reg_1206                        |   8|   0|    8|          0|
    |window_buf_0_1_1_fu_182                   |  16|   0|   16|          0|
    |window_buf_0_1_fu_178                     |  16|   0|   16|          0|
    |window_buf_1_1_1_fu_190                   |  16|   0|   16|          0|
    |window_buf_1_1_fu_186                     |  16|   0|   16|          0|
    |window_buf_2_1_1_fu_198                   |  16|   0|   16|          0|
    |window_buf_2_1_fu_194                     |  16|   0|   16|          0|
    |xi_reg_300                                |   9|   0|    9|          0|
    |yi_reg_289                                |   9|   0|    9|          0|
    |add_ln45_reg_1186                         |  64|  32|   16|          0|
    |icmp_ln32_reg_1161                        |  64|  32|    1|          0|
    |icmp_ln90_1_reg_1201                      |  64|  32|    1|          0|
    |icmp_ln90_reg_1196                        |  64|  32|    1|          0|
    |line_buf_addr_1_reg_1165                  |  64|  32|    8|          0|
    +------------------------------------------+----+----+-----+-----------+
    |Total                                     | 672| 160|  395|         16|
    +------------------------------------------+----+----+-----+-----------+



================================================================
== Interface
================================================================
* Summary: 
+----------------+-----+-----+------------+--------------+--------------+
|    RTL Ports   | Dir | Bits|  Protocol  | Source Object|    C Type    |
+----------------+-----+-----+------------+--------------+--------------+
|ap_clk          |  in |    1| ap_ctrl_hs |      nms     | return value |
|ap_rst          |  in |    1| ap_ctrl_hs |      nms     | return value |
|ap_start        |  in |    1| ap_ctrl_hs |      nms     | return value |
|ap_done         | out |    1| ap_ctrl_hs |      nms     | return value |
|ap_idle         | out |    1| ap_ctrl_hs |      nms     | return value |
|ap_ready        | out |    1| ap_ctrl_hs |      nms     | return value |
|data_address0   | out |   16|  ap_memory |     data     |     array    |
|data_ce0        | out |    1|  ap_memory |     data     |     array    |
|data_q0         |  in |   16|  ap_memory |     data     |     array    |
|out_r_address0  | out |   16|  ap_memory |     out_r    |     array    |
|out_r_ce0       | out |    1|  ap_memory |     out_r    |     array    |
|out_r_we0       | out |    1|  ap_memory |     out_r    |     array    |
|out_r_d0        | out |    8|  ap_memory |     out_r    |     array    |
+----------------+-----+-----+------------+--------------+--------------+

