Copyright 1986-2020 Xilinx, Inc. All Rights Reserved.
-----------------------------------------------------------------------------------------------------------------------------------------------------------------------------------------------------------------------------------------------------------------------------------------------------------------------------------------
| Tool Version : Vivado v.2020.1 (lin64) Build 2902540 Wed May 27 19:54:35 MDT 2020
| Date         : Sun Dec 17 08:19:06 2023
| Host         : hal-fpga-x86.ncsa.illinois.edu running 64-bit CentOS Linux release 7.9.2009 (Core)
| Command      : report_accelerator_utilization -kernels { gau:pfm_top_i/dynamic_region/gau_1/inst:gau_1 hyst:pfm_top_i/dynamic_region/hyst_1/inst:hyst_1 nms:pfm_top_i/dynamic_region/nms_1/inst:nms_1 sobel:pfm_top_i/dynamic_region/sobel_1/inst:sobel_1} -file ../../../output/kernel_util_routed.rpt -name kernel_util_routed -json
| Design       : pfm_top_wrapper
| Device       : xcu250
| Design State : Routed
-----------------------------------------------------------------------------------------------------------------------------------------------------------------------------------------------------------------------------------------------------------------------------------------------------------------------------------------

Accelerator Utilization Design Information

Table of Contents
-----------------
1. System Utilization

1. System Utilization
---------------------

+---------------------+-------------------+------------------+-------------------+----------------+----------------+-----------------+
| Name                | LUT               | LUTAsMem         | REG               | BRAM           | URAM           | DSP             |
+---------------------+-------------------+------------------+-------------------+----------------+----------------+-----------------+
| Platform            |  150966 [  8.74%] |  15764 [  1.99%] |  240422 [  6.96%] |  236 [  8.78%] |    0 [  0.00%] |     7 [  0.06%] |
| User Budget         | 1576074 [100.00%] | 774796 [100.00%] | 3213658 [100.00%] | 2452 [100.00%] | 1280 [100.00%] | 12281 [100.00%] |
|    Used Resources   |   13374 [  0.85%] |   2286 [  0.30%] |   18349 [  0.57%] |   48 [  1.96%] |    0 [  0.00%] |     2 [  0.02%] |
|    Unused Resources | 1562700 [ 99.15%] | 772510 [ 99.70%] | 3195309 [ 99.43%] | 2404 [ 98.04%] | 1280 [100.00%] | 12279 [ 99.98%] |
| gau                 |    3258 [  0.21%] |    672 [  0.09%] |    5117 [  0.16%] |   16 [  0.65%] |    0 [  0.00%] |     0 [  0.00%] |
|    gau_1            |    3258 [  0.21%] |    672 [  0.09%] |    5117 [  0.16%] |   16 [  0.65%] |    0 [  0.00%] |     0 [  0.00%] |
| hyst                |    2939 [  0.19%] |    672 [  0.09%] |    4122 [  0.13%] |   15 [  0.61%] |    0 [  0.00%] |     0 [  0.00%] |
|    hyst_1           |    2939 [  0.19%] |    672 [  0.09%] |    4122 [  0.13%] |   15 [  0.61%] |    0 [  0.00%] |     0 [  0.00%] |
| nms                 |    2833 [  0.18%] |    443 [  0.06%] |    3785 [  0.12%] |    9 [  0.37%] |    0 [  0.00%] |     0 [  0.00%] |
|    nms_1            |    2833 [  0.18%] |    443 [  0.06%] |    3785 [  0.12%] |    9 [  0.37%] |    0 [  0.00%] |     0 [  0.00%] |
| sobel               |    4344 [  0.28%] |    499 [  0.06%] |    5325 [  0.17%] |    8 [  0.33%] |    0 [  0.00%] |     2 [  0.02%] |
|    sobel_1          |    4344 [  0.28%] |    499 [  0.06%] |    5325 [  0.17%] |    8 [  0.33%] |    0 [  0.00%] |     2 [  0.02%] |
+---------------------+-------------------+------------------+-------------------+----------------+----------------+-----------------+


